// Jest Snapshot v1, https://goo.gl/fbAQLP

exports[`runREPL should work 1`] = `
{
  "debugCalls": [
    [
      "ðŸ‘£ - Logging service initialized.",
    ],
    [
      "ðŸ“‡ - Process service initialized.",
    ],
    [
      "ðŸ–µ - Initializing the REPL service!",
    ],
  ],
  "logErrorCalls": [],
  "logInfoCalls": [],
}
`;
