// Jest Snapshot v1, https://goo.gl/fbAQLP

exports[`API should always have the same amount of public endpoints 1`] = `
Array [
  "get /delay",
  "get /diag",
  "get /openAPI",
  "get /ping",
  "get /time",
  "put /echo",
]
`;

exports[`API should work 1`] = `
Object {
  "API": Object {
    "basePath": "/v1",
    "host": undefined,
    "info": Object {
      "description": "A basic Whook server",
      "title": "whook-example",
      "version": "1.1.0",
    },
    "paths": Object {
      "/delay": Object {
        "get": Object {
          "consumes": Array [],
          "operationId": "getDelay",
          "parameters": Array [
            Object {
              "description": "Duration in milliseconds",
              "in": "query",
              "name": "duration",
              "required": true,
              "type": "number",
            },
          ],
          "produces": Array [
            "application/json",
          ],
          "responses": Object {
            "204": Object {
              "description": "Delay expired",
            },
          },
          "summary": "Answer after a given delay.",
          "tags": Array [
            "system",
          ],
        },
        "options": Object {
          "consumes": Array [],
          "operationId": "optionsWithCORS",
          "parameters": Array [
            Object {
              "description": "Duration in milliseconds",
              "in": "query",
              "name": "duration",
              "required": true,
              "type": "number",
            },
          ],
          "produces": Array [],
          "responses": Object {
            "200": Object {
              "description": "CORS sent.",
            },
          },
          "summary": "Enable OPTIONS for CORS",
          "tags": Array [
            "CORS",
          ],
          "x-whook": Object {
            "private": true,
            "sourceOperationId": "getDelay",
            "suffix": "CORS",
            "type": "http",
          },
        },
      },
      "/diag": Object {
        "get": Object {
          "consumes": Array [],
          "operationId": "getDiagnostic",
          "parameters": Array [
            Object {
              "in": "header",
              "name": "authorization",
              "type": "string",
            },
            Object {
              "in": "query",
              "name": "access_token",
              "type": "string",
            },
          ],
          "produces": Array [
            "application/json",
          ],
          "responses": Object {
            "200": Object {
              "description": "Diagnostic",
              "schema": Object {
                "additionalProperties": true,
                "type": "object",
              },
            },
          },
          "security": Object {
            "bearerAuth": Array [
              "admin",
            ],
          },
          "summary": "Returns current API's transactions.",
          "tags": Array [
            "system",
          ],
        },
        "options": Object {
          "consumes": Array [],
          "operationId": "optionsWithCORS",
          "parameters": Array [
            Object {
              "in": "query",
              "name": "access_token",
              "type": "string",
            },
          ],
          "produces": Array [],
          "responses": Object {
            "200": Object {
              "description": "CORS sent.",
            },
          },
          "summary": "Enable OPTIONS for CORS",
          "tags": Array [
            "CORS",
          ],
          "x-whook": Object {
            "private": true,
            "sourceOperationId": "getDiagnostic",
            "suffix": "CORS",
            "type": "http",
          },
        },
      },
      "/echo": Object {
        "options": Object {
          "consumes": Array [],
          "operationId": "optionsWithCORS",
          "parameters": Array [],
          "produces": Array [],
          "responses": Object {
            "200": Object {
              "description": "CORS sent.",
            },
          },
          "summary": "Enable OPTIONS for CORS",
          "tags": Array [
            "CORS",
          ],
          "x-whook": Object {
            "private": true,
            "sourceOperationId": "putEcho",
            "suffix": "CORS",
            "type": "http",
          },
        },
        "put": Object {
          "consumes": Array [
            "application/json",
          ],
          "operationId": "putEcho",
          "parameters": Array [
            Object {
              "description": "The input sentence",
              "example": Object {
                "echo": "Repeat this!",
              },
              "in": "body",
              "name": "body",
              "schema": Object {
                "additionalProperties": false,
                "properties": Object {
                  "echo": Object {
                    "type": "string",
                  },
                },
                "required": Array [
                  "echo",
                ],
                "type": "object",
              },
            },
          ],
          "produces": Array [
            "application/json",
          ],
          "responses": Object {
            "200": Object {
              "description": "The actual echo",
              "schema": Object {
                "additionalProperties": false,
                "properties": Object {
                  "echo": Object {
                    "type": "string",
                  },
                },
                "required": Array [
                  "echo",
                ],
                "type": "object",
              },
            },
          },
          "summary": "Echoes what it takes.",
          "tags": Array [
            "system",
          ],
        },
      },
      "/openAPI": Object {
        "get": Object {
          "consumes": Array [],
          "operationId": "getOpenAPI",
          "produces": Array [
            "application/json",
          ],
          "responses": Object {
            "200": Object {
              "description": "Provides the private Open API documentation",
              "schema": Object {
                "type": "object",
              },
            },
          },
          "summary": "Get API documentation.",
          "tags": Array [
            "system",
          ],
          "x-whook": Object {
            "private": false,
          },
        },
        "options": Object {
          "consumes": Array [],
          "operationId": "optionsWithCORS",
          "parameters": Array [],
          "produces": Array [],
          "responses": Object {
            "200": Object {
              "description": "CORS sent.",
            },
          },
          "summary": "Enable OPTIONS for CORS",
          "tags": Array [
            "CORS",
          ],
          "x-whook": Object {
            "private": true,
            "sourceOperationId": "getOpenAPI",
            "suffix": "CORS",
            "type": "http",
          },
        },
      },
      "/ping": Object {
        "get": Object {
          "consumes": Array [],
          "operationId": "getPing",
          "produces": Array [
            "application/json",
          ],
          "responses": Object {
            "200": Object {
              "description": "Pong",
              "schema": Object {
                "additionalProperties": false,
                "properties": Object {
                  "pong": Object {
                    "enum": Array [
                      "pong",
                    ],
                    "type": "string",
                  },
                },
                "type": "object",
              },
            },
          },
          "summary": "Checks API's availability.",
          "tags": Array [
            "system",
          ],
        },
        "options": Object {
          "consumes": Array [],
          "operationId": "optionsWithCORS",
          "parameters": Array [],
          "produces": Array [],
          "responses": Object {
            "200": Object {
              "description": "CORS sent.",
            },
          },
          "summary": "Enable OPTIONS for CORS",
          "tags": Array [
            "CORS",
          ],
          "x-whook": Object {
            "private": true,
            "sourceOperationId": "getPing",
            "suffix": "CORS",
            "type": "http",
          },
        },
      },
      "/time": Object {
        "get": Object {
          "consumes": Array [],
          "operationId": "getTime",
          "produces": Array [
            "application/json",
          ],
          "responses": Object {
            "200": Object {
              "description": "Server current date",
              "schema": Object {
                "properties": Object {
                  "additionalProperties": false,
                  "currentDate": Object {
                    "format": "date-time",
                    "type": "string",
                  },
                },
                "type": "object",
              },
            },
          },
          "summary": "Get API internal clock date.",
          "tags": Array [
            "system",
          ],
        },
        "options": Object {
          "consumes": Array [],
          "operationId": "optionsWithCORS",
          "parameters": Array [],
          "produces": Array [],
          "responses": Object {
            "200": Object {
              "description": "CORS sent.",
            },
          },
          "summary": "Enable OPTIONS for CORS",
          "tags": Array [
            "CORS",
          ],
          "x-whook": Object {
            "private": true,
            "sourceOperationId": "getTime",
            "suffix": "CORS",
            "type": "http",
          },
        },
      },
    },
    "schemes": Array [
      "http",
    ],
    "securityDefinitions": Object {
      "bearerAuth": Object {
        "in": "query",
        "name": "access_token",
        "type": "apiKey",
      },
    },
    "swagger": "2.0",
  },
  "logCalls": Array [
    Array [
      "debug",
      "🦄 - Initializing the API service!",
    ],
  ],
}
`;
