// Jest Snapshot v1, https://goo.gl/fbAQLP

exports[`getDelay should work 2`] = `
Object {
  "delayClearCalls": Array [],
  "delayCreateCalls": Array [
    Array [
      1000,
    ],
  ],
}
`;
