// Jest Snapshot v1, https://goo.gl/fbAQLP

exports[`putEcho should fail when crossing the red line ;) 2`] = `
Object {
  "logCalls": Array [
    Array [
      "warning",
      "ðŸ“¢ - Echoing \\"Repeat this!\\"",
    ],
  ],
}
`;

exports[`putEcho should work 2`] = `
Object {
  "logCalls": Array [
    Array [
      "warning",
      "ðŸ“¢ - Echoing \\"Repeat this!\\"",
    ],
  ],
}
`;
