// Jest Snapshot v1, https://goo.gl/fbAQLP

exports[`envCommand should work 1`] = `
Object {
  "logCalls": Array [
    Array [
      "info",
      "\\"test\\"",
    ],
  ],
  "result": undefined,
}
`;
