// Jest Snapshot v1, https://goo.gl/fbAQLP

exports[`printEnvCommand should work 1`] = `
{
  "logCalls": [
    [
      "info",
      "["NODE_ENV"]",
    ],
  ],
  "result": undefined,
}
`;
