// Jest Snapshot v1, https://goo.gl/fbAQLP

exports[`$autoload should fail with unexisting handlers 1`] = `
{
  "errorCode": "E_UNMATCHED_DEPENDENCY",
  "errorParams": [
    "getPing",
  ],
  "importerCalls": [],
  "injectorCalls": [],
  "logCalls": [
    [
      "debug",
      "ðŸ¤– - Initializing the \`$autoload\` service.",
    ],
    [
      "debug",
      "ðŸš« - Service "getPing" not found in "/home/whoami/my-whook-project/src/handlers/getPing".",
    ],
  ],
  "resolveCalls": [
    [
      "/home/whoami/my-whook-project/src/handlers/getPing",
    ],
  ],
}
`;

exports[`$autoload should work for API 1`] = `
{
  "importerCalls": [
    [
      "/home/whoami/my-whook-project/src/services/API.js",
    ],
  ],
  "injectorCalls": [],
  "logCalls": [
    [
      "debug",
      "ðŸ¤– - Initializing the \`$autoload\` service.",
    ],
    [
      "debug",
      "ðŸ’¿ - Service "API" found in "/home/whoami/my-whook-project/src/services/API.js".",
    ],
    [
      "debug",
      "ðŸ’¿ - Loading "API" initializer from "/home/whoami/my-whook-project/src/services/API.js".",
    ],
  ],
  "resolveCalls": [
    [
      "/home/whoami/my-whook-project/src/services/API",
    ],
  ],
  "result": {
    "initializer": [Function],
    "name": "API",
    "path": "/home/whoami/my-whook-project/src/services/API.js",
  },
}
`;

exports[`$autoload should work for SERVICE_NAME_MAP 1`] = `
{
  "importerCalls": [
    [
      "/home/whoami/my-whook-project/src/services/SERVICE_NAME_MAP.js",
    ],
  ],
  "injectorCalls": [],
  "logCalls": [
    [
      "debug",
      "ðŸ¤– - Initializing the \`$autoload\` service.",
    ],
    [
      "debug",
      "ðŸ’¿ - Service "SERVICE_NAME_MAP" found in "/home/whoami/my-whook-project/src/services/SERVICE_NAME_MAP.js".",
    ],
    [
      "debug",
      "ðŸ’¿ - Loading "SERVICE_NAME_MAP" initializer from "/home/whoami/my-whook-project/src/services/SERVICE_NAME_MAP.js".",
    ],
  ],
  "resolveCalls": [
    [
      "/home/whoami/my-whook-project/src/services/SERVICE_NAME_MAP",
    ],
  ],
  "result": {
    "initializer": [Function],
    "name": "SERVICE_NAME_MAP",
    "path": "/home/whoami/my-whook-project/src/services/SERVICE_NAME_MAP.js",
  },
}
`;

exports[`$autoload should work for a config constant 1`] = `
{
  "importerCalls": [],
  "injectorCalls": [],
  "logCalls": [
    [
      "debug",
      "ðŸ¤– - Initializing the \`$autoload\` service.",
    ],
  ],
  "resolveCalls": [],
  "result": {
    "initializer": {
      "$name": "CONFIG",
      "$singleton": true,
      "$type": "constant",
      "$value": {
        "testConfig": "test",
      },
    },
    "name": "CONFIG",
    "path": "internal://CONFIG",
  },
}
`;

exports[`$autoload should work for configs 1`] = `
{
  "importerCalls": [],
  "injectorCalls": [],
  "logCalls": [
    [
      "debug",
      "ðŸ¤– - Initializing the \`$autoload\` service.",
    ],
  ],
  "resolveCalls": [],
  "result": {
    "initializer": {
      "$name": "SERVICE_NAME_MAP",
      "$singleton": true,
      "$type": "constant",
      "$value": {},
    },
    "name": "SERVICE_NAME_MAP",
    "path": "internal://SERVICE_NAME_MAP",
  },
}
`;

exports[`$autoload should work for handlers 1`] = `
{
  "importerCalls": [
    [
      "/home/whoami/my-whook-project/src/handlers/getPing.js",
    ],
  ],
  "injectorCalls": [],
  "logCalls": [
    [
      "debug",
      "ðŸ¤– - Initializing the \`$autoload\` service.",
    ],
    [
      "debug",
      "ðŸ’¿ - Service "getPing" found in "/home/whoami/my-whook-project/src/handlers/getPing.js".",
    ],
    [
      "debug",
      "ðŸ’¿ - Loading "getPing" initializer from "/home/whoami/my-whook-project/src/handlers/getPing.js".",
    ],
  ],
  "resolveCalls": [
    [
      "/home/whoami/my-whook-project/src/handlers/getPing",
    ],
  ],
  "result": {
    "initializer": [Function],
    "name": "getPing",
    "path": "/home/whoami/my-whook-project/src/handlers/getPing.js",
  },
}
`;

exports[`$autoload should work for handlers hash 1`] = `
{
  "HANDLERS": {
    "getPing": [Function],
  },
  "importerCalls": [],
  "injectorCalls": [
    [
      [
        "API",
      ],
    ],
  ],
  "logCalls": [
    [
      "debug",
      "ðŸ¤– - Initializing the \`$autoload\` service.",
    ],
  ],
  "resolveCalls": [],
  "result": {
    "initializer": [Function],
    "name": "HANDLERS",
    "path": "internal://HANDLERS",
  },
}
`;

exports[`$autoload should work for handlers in sub plugins 1`] = `
{
  "importerCalls": [
    [
      "/var/lib/node/node_modules/@whook/whook/dist/handlers/getPing.js",
    ],
  ],
  "injectorCalls": [],
  "logCalls": [
    [
      "debug",
      "ðŸ¤– - Initializing the \`$autoload\` service.",
    ],
    [
      "debug",
      "ðŸš« - Service "getPing" not found in "/home/whoami/my-whook-project/src/handlers/getPing".",
    ],
    [
      "debug",
      "ðŸ’¿ - Service "getPing" found in "/var/lib/node/node_modules/@whook/whook/dist/handlers/getPing.js".",
    ],
    [
      "debug",
      "ðŸ’¿ - Loading "getPing" initializer from "/var/lib/node/node_modules/@whook/whook/dist/handlers/getPing.js".",
    ],
  ],
  "resolveCalls": [
    [
      "/home/whoami/my-whook-project/src/handlers/getPing",
    ],
    [
      "/var/lib/node/node_modules/@whook/whook/dist/handlers/getPing",
    ],
  ],
  "result": {
    "initializer": [Function],
    "name": "getPing",
    "path": "/var/lib/node/node_modules/@whook/whook/dist/handlers/getPing.js",
  },
}
`;

exports[`$autoload should work for name mapped handlers 1`] = `
{
  "importerCalls": [
    [
      "/home/whoami/my-whook-project/src/handlers/getPingMock.js",
    ],
  ],
  "injectorCalls": [],
  "logCalls": [
    [
      "debug",
      "ðŸ¤– - Initializing the \`$autoload\` service.",
    ],
    [
      "debug",
      "ðŸ“– - Using SERVICE_NAME_MAP to route "getPing" to "getPingMock".",
    ],
    [
      "debug",
      "ðŸ’¿ - Service "getPingMock" found in "/home/whoami/my-whook-project/src/handlers/getPingMock.js".",
    ],
    [
      "debug",
      "ðŸ’¿ - Loading "getPing" initializer via "getPingMock" resolution from "/home/whoami/my-whook-project/src/handlers/getPingMock.js".",
    ],
  ],
  "resolveCalls": [
    [
      "/home/whoami/my-whook-project/src/handlers/getPingMock",
    ],
  ],
  "result": {
    "initializer": [Function],
    "name": "getPingMock",
    "path": "/home/whoami/my-whook-project/src/handlers/getPingMock.js",
  },
}
`;

exports[`$autoload should work for name mapped handlers 2`] = `
{
  "importerCalls": [
    [
      "/home/whoami/my-whook-project/src/handlers/getPingMock.js",
    ],
  ],
  "injectorCalls": [],
  "logCalls": [
    [
      "debug",
      "ðŸ¤– - Initializing the \`$autoload\` service.",
    ],
    [
      "debug",
      "ðŸ“– - Using SERVICE_NAME_MAP to route "getPing" to "getPingMock".",
    ],
    [
      "debug",
      "ðŸ’¿ - Service "getPingMock" found in "/home/whoami/my-whook-project/src/handlers/getPingMock.js".",
    ],
    [
      "debug",
      "ðŸ’¿ - Loading "getPing" initializer via "getPingMock" resolution from "/home/whoami/my-whook-project/src/handlers/getPingMock.js".",
    ],
  ],
  "resolveCalls": [
    [
      "/home/whoami/my-whook-project/src/handlers/getPingMock",
    ],
  ],
  "result": {
    "initializer": [Function],
    "name": "getPingMock",
    "path": "/home/whoami/my-whook-project/src/handlers/getPingMock.js",
  },
}
`;

exports[`$autoload should work for path mapped handlers 1`] = `
{
  "importerCalls": [
    [
      "/home/whoami/my-whook-project/src/handlers/getPing.js",
    ],
  ],
  "injectorCalls": [],
  "logCalls": [
    [
      "debug",
      "ðŸ¤– - Initializing the \`$autoload\` service.",
    ],
    [
      "debug",
      "ðŸ“– - Using INITIALIZER_PATH_MAP to resolve the "getPing" module path.",
    ],
    [
      "debug",
      "ðŸ’¿ - Service "getPing" found in "/home/whoami/my-whook-project/src/handlers/getPing.js".",
    ],
    [
      "debug",
      "ðŸ’¿ - Loading "getPing" initializer from "/home/whoami/my-whook-project/src/handlers/getPing.js".",
    ],
  ],
  "resolveCalls": [
    [
      "/home/whoami/my-other-project/src/handlers/getPing.js",
    ],
  ],
  "result": {
    "initializer": [Function],
    "name": "getPing",
    "path": "/home/whoami/my-whook-project/src/handlers/getPing.js",
  },
}
`;

exports[`$autoload should work for wrapped handlers 1`] = `
{
  "importerCalls": [
    [
      "/home/whoami/my-whook-project/src/handlers/getPing.js",
    ],
  ],
  "injectorCalls": [],
  "logCalls": [
    [
      "debug",
      "ðŸ¤– - Initializing the \`$autoload\` service.",
    ],
    [
      "debug",
      "ðŸ’¿ - Service "getPingWrapped" found in "/home/whoami/my-whook-project/src/handlers/getPing.js".",
    ],
    [
      "debug",
      "ðŸ’¿ - Loading "getPingWrapped" initializer from "/home/whoami/my-whook-project/src/handlers/getPing.js".",
    ],
  ],
  "resolveCalls": [
    [
      "/home/whoami/my-whook-project/src/handlers/getPing",
    ],
  ],
  "result": {
    "initializer": [Function],
    "name": "getPingWrapped",
    "path": "/home/whoami/my-whook-project/src/handlers/getPing.js",
  },
}
`;

exports[`$autoload should work with empty wrappers 1`] = `
{
  "importerCalls": [
    [
      "/home/whoami/my-whook-project/src/handlers/getPing.js",
    ],
  ],
  "injectorCalls": [],
  "logCalls": [
    [
      "debug",
      "ðŸ¤– - Initializing the \`$autoload\` service.",
    ],
    [
      "debug",
      "ðŸ’¿ - Service "getPingWrapped" found in "/home/whoami/my-whook-project/src/handlers/getPing.js".",
    ],
    [
      "debug",
      "ðŸ’¿ - Loading "getPingWrapped" initializer from "/home/whoami/my-whook-project/src/handlers/getPing.js".",
    ],
  ],
  "resolveCalls": [
    [
      "/home/whoami/my-whook-project/src/handlers/getPing",
    ],
  ],
  "result": {
    "initializer": [Function],
    "name": "getPingWrapped",
    "path": "/home/whoami/my-whook-project/src/handlers/getPing.js",
  },
}
`;

exports[`$autoload should work with no wrappers 1`] = `
{
  "importerCalls": [
    [
      "/home/whoami/my-whook-project/src/handlers/getPing.js",
    ],
  ],
  "injectorCalls": [],
  "logCalls": [
    [
      "debug",
      "ðŸ¤– - Initializing the \`$autoload\` service.",
    ],
    [
      "debug",
      "ðŸ’¿ - Service "getPing" found in "/home/whoami/my-whook-project/src/handlers/getPing.js".",
    ],
    [
      "debug",
      "ðŸ’¿ - Loading "getPing" initializer from "/home/whoami/my-whook-project/src/handlers/getPing.js".",
    ],
  ],
  "resolveCalls": [
    [
      "/home/whoami/my-whook-project/src/handlers/getPing",
    ],
  ],
  "result": {
    "initializer": [Function],
    "name": "getPing",
    "path": "/home/whoami/my-whook-project/src/handlers/getPing.js",
  },
}
`;
