// Jest Snapshot v1, https://goo.gl/fbAQLP

exports[`$autoload should work for API 1`] = `
Object {
  "logCalls": Array [
    Array [
      "debug",
      "ü§ñ - Initializing the \`$autoload\` service.",
    ],
    Array [
      "warning",
      "‚ö°Ô∏è - Loading configuration from /home/whoami/my-whook-project/config/development/config.",
    ],
    Array [
      "debug",
      "üíø - Loading API initializer from /home/whoami/my-whook-project/src/services/API.",
    ],
  ],
  "requireCalls": Array [
    Array [
      "/home/whoami/my-whook-project/config/development/config",
    ],
    Array [
      "/home/whoami/my-whook-project/src/services/API",
    ],
  ],
  "result": Object {
    "initializer": [Function],
    "name": "API",
    "path": "internal://API",
  },
}
`;

exports[`$autoload should work for a config constant 1`] = `
Object {
  "logCalls": Array [
    Array [
      "debug",
      "ü§ñ - Initializing the \`$autoload\` service.",
    ],
    Array [
      "warning",
      "‚ö°Ô∏è - Loading configuration from /home/whoami/my-whook-project/config/development/config.",
    ],
    Array [
      "debug",
      "üíø - Loading API initializer from /home/whoami/my-whook-project/src/services/API.",
    ],
  ],
  "requireCalls": Array [
    Array [
      "/home/whoami/my-whook-project/config/development/config",
    ],
    Array [
      "/home/whoami/my-whook-project/src/services/API",
    ],
  ],
  "result": Object {
    "initializer": [Function],
    "name": "CONFIG",
    "path": "internal://CONFIG",
  },
}
`;

exports[`$autoload should work for handlers 1`] = `
Object {
  "logCalls": Array [
    Array [
      "debug",
      "ü§ñ - Initializing the \`$autoload\` service.",
    ],
    Array [
      "warning",
      "‚ö°Ô∏è - Loading configuration from /home/whoami/my-whook-project/config/development/config.",
    ],
    Array [
      "debug",
      "üíø - Loading API initializer from /home/whoami/my-whook-project/src/services/API.",
    ],
    Array [
      "debug",
      "üíø - Loading getPing initializer from /home/whoami/my-whook-project/src/handlers/getPing.",
    ],
  ],
  "requireCalls": Array [
    Array [
      "/home/whoami/my-whook-project/config/development/config",
    ],
    Array [
      "/home/whoami/my-whook-project/src/services/API",
    ],
    Array [
      "/home/whoami/my-whook-project/src/handlers/getPing",
    ],
  ],
  "result": Object {
    "initializer": [Function],
    "name": "getPing",
    "path": "/home/whoami/my-whook-project/src/handlers/getPing",
  },
}
`;

exports[`$autoload should work for handlers hash 1`] = `
Object {
  "HANDLERS": Object {
    "getPing": [Function],
  },
  "logCalls": Array [
    Array [
      "debug",
      "ü§ñ - Initializing the \`$autoload\` service.",
    ],
    Array [
      "warning",
      "‚ö°Ô∏è - Loading configuration from /home/whoami/my-whook-project/config/development/config.",
    ],
    Array [
      "debug",
      "üíø - Loading API initializer from /home/whoami/my-whook-project/src/services/API.",
    ],
  ],
  "requireCalls": Array [
    Array [
      "/home/whoami/my-whook-project/config/development/config",
    ],
    Array [
      "/home/whoami/my-whook-project/src/services/API",
    ],
  ],
  "result": Object {
    "initializer": [Function],
    "name": "HANDLERS",
    "path": "internal://HANDLERS",
  },
}
`;

exports[`$autoload should work for wrapped handlers 1`] = `
Object {
  "logCalls": Array [
    Array [
      "debug",
      "ü§ñ - Initializing the \`$autoload\` service.",
    ],
    Array [
      "warning",
      "‚ö°Ô∏è - Loading configuration from /home/whoami/my-whook-project/config/development/config.",
    ],
    Array [
      "debug",
      "üíø - Loading WRAPPERS initializer from /home/whoami/my-whook-project/src/services/WRAPPERS.",
    ],
    Array [
      "debug",
      "üíø - Loading API initializer from /home/whoami/my-whook-project/src/services/API.",
    ],
    Array [
      "debug",
      "üíø - Loading getPing initializer from /home/whoami/my-whook-project/src/handlers/getPing.",
    ],
  ],
  "requireCalls": Array [
    Array [
      "/home/whoami/my-whook-project/config/development/config",
    ],
    Array [
      "/home/whoami/my-whook-project/src/services/WRAPPERS",
    ],
    Array [
      "/home/whoami/my-whook-project/src/services/API",
    ],
    Array [
      "/home/whoami/my-whook-project/src/handlers/getPing",
    ],
  ],
  "result": Object {
    "initializer": [Function],
    "name": "getPing",
    "path": "/home/whoami/my-whook-project/src/handlers/getPing",
  },
}
`;

exports[`$autoload should work with no wrappers 1`] = `
Object {
  "logCalls": Array [
    Array [
      "debug",
      "ü§ñ - Initializing the \`$autoload\` service.",
    ],
    Array [
      "warning",
      "‚ö°Ô∏è - Loading configuration from /home/whoami/my-whook-project/config/development/config.",
    ],
    Array [
      "debug",
      "üö´ - Could not find any API wrapper...",
    ],
    Array [
      "debug",
      "üíø - Loading API initializer from /home/whoami/my-whook-project/src/services/API.",
    ],
    Array [
      "debug",
      "üíø - Loading getPing initializer from /home/whoami/my-whook-project/src/handlers/getPing.",
    ],
  ],
  "requireCalls": Array [
    Array [
      "/home/whoami/my-whook-project/config/development/config",
    ],
    Array [
      "/home/whoami/my-whook-project/src/services/WRAPPERS",
    ],
    Array [
      "/home/whoami/my-whook-project/src/services/API",
    ],
    Array [
      "/home/whoami/my-whook-project/src/handlers/getPing",
    ],
  ],
  "result": Object {
    "initializer": [Function],
    "name": "getPing",
    "path": "/home/whoami/my-whook-project/src/handlers/getPing",
  },
}
`;
