// Jest Snapshot v1, https://goo.gl/fbAQLP

exports[`initCONFIGS should fail with non-existing file 1`] = `
Object {
  "errorCode": "E_NO_CONFIG",
  "errorParams": Array [
    "/home/whoami/my-whook-project/src/config/development/config.js",
  ],
  "importerCalls": Array [
    Array [
      "/home/whoami/my-whook-project/src/config/development/config.js",
    ],
  ],
  "logCalls": Array [
    Array [
      "debug",
      "üè≠ - Initializing the CONFIGS service.",
    ],
    Array [
      "warning",
      "‚ö° - Loading configurations from \\"/home/whoami/my-whook-project/src/config/development/config.js\\".",
    ],
    Array [
      "warning",
      "‚ò¢ - Could not load configuration file \\"/home/whoami/my-whook-project/src/config/development/config.js\\".",
    ],
  ],
}
`;

exports[`initCONFIGS should work with existing configs 1`] = `
Object {
  "CONFIGS": Object {
    "CONFIG": Object {
      "testConfig": "test",
    },
  },
  "importerCalls": Array [
    Array [
      "/home/whoami/my-whook-project/src/config/development/config.js",
    ],
  ],
  "logCalls": Array [
    Array [
      "debug",
      "üè≠ - Initializing the CONFIGS service.",
    ],
    Array [
      "warning",
      "‚ö° - Loading configurations from \\"/home/whoami/my-whook-project/src/config/development/config.js\\".",
    ],
  ],
}
`;
