// Jest Snapshot v1, https://goo.gl/fbAQLP

exports[`WHOOK_PLUGINS_PATHS should fail with unexisting plugin 1`] = `
{
  "errorCode": "E_BAD_WHOOK_PLUGIN",
  "errorParams": [
    "@whook/unreal",
  ],
  "logCalls": [],
  "resolveCalls": [
    [
      "@whook/unreal",
      {
        "paths": [
          "/home/whoami/my-whook-project/src",
        ],
      },
    ],
  ],
}
`;

exports[`WHOOK_PLUGINS_PATHS should work with no plugin at all 1`] = `
{
  "WHOOK_PLUGINS_PATHS": [],
  "logCalls": [],
  "resolveCalls": [],
}
`;

exports[`WHOOK_PLUGINS_PATHS should work with some plugins 1`] = `
{
  "WHOOK_PLUGINS_PATHS": [
    "/var/lib/node/node_modules/@whook",
    "/var/lib/node/node_modules/@whook",
  ],
  "logCalls": [
    [
      "debug",
      "➰ - Plugin "@whook/graphql" resolved to "/var/lib/node/node_modules/@whook".",
    ],
    [
      "debug",
      "➰ - Plugin "@whook/whook" resolved to "/var/lib/node/node_modules/@whook".",
    ],
  ],
  "resolveCalls": [
    [
      "@whook/graphql",
      {
        "paths": [
          "/home/whoami/my-whook-project/src",
        ],
      },
    ],
    [
      "@whook/whook",
      {
        "paths": [
          "/home/whoami/my-whook-project/src",
        ],
      },
    ],
  ],
}
`;
