// Jest Snapshot v1, https://goo.gl/fbAQLP

exports[`OAuth2CodeGranter should work with a complete valid flow 2`] = `
Object {
  "checkApplicationCalls": Array [
    Array [
      Object {
        "applicationId": "abbacaca-abba-caca-abba-cacaabbacaca",
        "redirectURI": "https://www.example.com/oauth2/code",
        "scope": "user",
        "type": "code",
      },
    ],
    Array [
      Object {
        "applicationId": "abbacaca-abba-caca-abba-cacaabbacaca",
        "scope": "",
        "type": "code",
      },
    ],
  ],
  "logCalls": Array [
    Array [
      "debug",
      "ðŸ‘« - OAuth2CodeGranter Service Initialized!",
    ],
  ],
  "oAuth2CodeCheckCalls": Array [
    Array [
      Object {
        "applicationId": "abbacaca-abba-caca-abba-cacaabbacaca",
        "scope": "user",
      },
      "yolo",
      "https://www.example.com/oauth2/code",
    ],
  ],
  "oAuth2CodeCreateCalls": Array [
    Array [
      Object {
        "applicationId": "abbacaca-abba-caca-abba-cacaabbacaca",
        "scope": "user",
      },
      "https://www.example.com/oauth2/code",
      Object {},
    ],
  ],
}
`;
