// Jest Snapshot v1, https://goo.gl/fbAQLP

exports[`commands should work with config 1`] = `
{
  "stderr": "âš¡ - Loading configurations from /whook/packages/whook-example/dist/config/test/config.js".
âœ” - Found the project dir /whook/packages/whook-example".
",
  "stdout": ""localhost"
",
}
`;

exports[`commands should work with env 1`] = `
{
  "stderr": "âš¡ - Loading configurations from /whook/packages/whook-example/dist/config/test/config.js".
âœ” - Found the project dir /whook/packages/whook-example".
ðŸ–¥ - Using local env.
",
  "stdout": "test
",
}
`;

exports[`commands should work with ls 1`] = `
{
  "stderr": "âš¡ - Loading configurations from /whook/packages/whook-example/dist/config/test/config.js".
âœ” - Found the project dir /whook/packages/whook-example".
",
  "stdout": "

# Provided by "@whook/example": 1 commands
- printEnv: A command printing every env values


# Provided by "@whook/whook": 8 commands
- config: A simple program that returns the queryed config value
- create: A command helping to create new Whook files easily
- env: A command printing env values
- generateOpenAPISchema: Write openAPI schema to stdout
- generateOpenAPITypes: Write openAPI types to stdout
- handler: Runs the given server handler for testing purpose
- inspect: A simple program that returns the result of the injected service
- ls: Print available commands


# Provided by "@whook/cors": none
",
}
`;
