// Jest Snapshot v1, https://goo.gl/fbAQLP

exports[`runServer should authenticate users 1`] = `
{
  "data": {
    "error": "bad_handler",
    "error_debug_data": {
      "guruMeditation": "1",
    },
    "error_description": "No endpoint found at that path ("get", "/v4/diag")",
    "error_help_uri": "https://stackoverflow.com/questions/ask?tags=whook&title=How+to+debug+E_NOT_FOUND+whook+error+code",
    "error_uri": "https://stackoverflow.com/search?q=%5Bwhook%5D+E_NOT_FOUND",
  },
  "debugCalls": [
    [
      "‚è≥ - Cleared a delay",
    ],
    [
      "‚è≥ - Created a delay:",
      30000,
    ],
    [
      "‚ùå - No handler found for: ",
      "get",
      [
        "v4",
        "diag",
      ],
    ],
  ],
  "headers": {
    "access-control-allow-headers": "Accept,Accept-Encoding,Accept-Language,Referrer,Content-Type,Content-Encoding,Authorization,Keep-Alive,User-Agent",
    "access-control-allow-methods": "GET,POST,PUT,DELETE,OPTIONS",
    "access-control-allow-origin": "*",
    "cache-control": "private",
    "connection": "close",
    "content-type": "application/json",
    "date": undefined,
    "transaction-id": "1",
    "transfer-encoding": "chunked",
    "vary": "origin",
  },
  "logErrorCalls": [],
  "logInfoCalls": [
    [
      "CALL {"id":"1","protocol":"http","ip":"_ip_","startInBytes":416,"startOutBytes":0,"startTime":1390694400000,"url":"/v4/diag","method":"GET","reqHeaders":{"accept":"application/json, text/plain, */*","authorization":"Bearer eyJhbGciOiJIUzI1NiJ9.eyJzY29wZSI6ImFkbWluIiwidXNlcklkIjoiMSIsImFwcGxpY2F0aW9uSWQiOiIxIiwiaWF0IjoxMzkwNjk0NDAwLCJleHAiOjEzOTA4NjcyMDAsIm5iZiI6MTM5MDY5NDQwMH0.cFAZ3Bsah35MrPbbOvTBv20Lr9tHiar9QBwBkDqVxZ0","user-agent":"__avoid_axios_version__","accept-encoding":"gzip, compress, deflate, br","host":"localhost:9999","connection":"close"},"errored":true,"endTime":1390694400000,"endInBytes":416,"endOutBytes":780,"statusCode":404,"resHeaders":{"content-type":"application/json","access-control-allow-origin":"*","access-control-allow-methods":"GET,POST,PUT,DELETE,OPTIONS","access-control-allow-headers":"Accept,Accept-Encoding,Accept-Language,Referrer,Content-Type,Content-Encoding,Authorization,Keep-Alive,User-Agent","vary":"origin","cache-control":"private"},"operationId":"none"}",
    ],
    [
      "ERROR {"guruMeditation":"1","request":"http://localhost:9999/v4/diag","verb":"GET","status":404,"code":"E_NOT_FOUND","stack":"YHTTPError[404]: E_NOT_FOUND (get, v4,diag, /home/whoiam/projects/whook/packages/whook-http-transaction/src/index.ts:364:46\\n    at processTicksAndRejections (node:internal/process/task_queues:x:x)","details":["get",["v4","diag"],"/v4/diag"]}",
    ],
  ],
  "status": 404,
}
`;

exports[`runServer should fail with bad fake tokens 1`] = `
{
  "data": {
    "error": "bad_handler",
    "error_debug_data": {
      "guruMeditation": "2",
    },
    "error_description": "No endpoint found at that path ("get", "/v4/diag")",
    "error_help_uri": "https://stackoverflow.com/questions/ask?tags=whook&title=How+to+debug+E_NOT_FOUND+whook+error+code",
    "error_uri": "https://stackoverflow.com/search?q=%5Bwhook%5D+E_NOT_FOUND",
  },
  "debugCalls": [
    [
      "‚è≥ - Cleared a delay",
    ],
    [
      "‚è≥ - Created a delay:",
      30000,
    ],
    [
      "‚ùå - No handler found for: ",
      "get",
      [
        "v4",
        "diag",
      ],
    ],
  ],
  "headers": {
    "access-control-allow-headers": "Accept,Accept-Encoding,Accept-Language,Referrer,Content-Type,Content-Encoding,Authorization,Keep-Alive,User-Agent",
    "access-control-allow-methods": "GET,POST,PUT,DELETE,OPTIONS",
    "access-control-allow-origin": "*",
    "cache-control": "private",
    "connection": "close",
    "content-type": "application/json",
    "date": undefined,
    "transaction-id": "2",
    "transfer-encoding": "chunked",
    "vary": "origin",
  },
  "logErrorCalls": [],
  "logInfoCalls": [
    [
      "CALL {"id":"2","protocol":"http","ip":"_ip_","startInBytes":221,"startOutBytes":0,"startTime":1390694400000,"url":"/v4/diag","method":"GET","reqHeaders":{"accept":"application/json, text/plain, */*","authorization":"Fake e-admin","user-agent":"__avoid_axios_version__","accept-encoding":"gzip, compress, deflate, br","host":"localhost:9999","connection":"close"},"errored":true,"endTime":1390694400000,"endInBytes":221,"endOutBytes":780,"statusCode":404,"resHeaders":{"content-type":"application/json","access-control-allow-origin":"*","access-control-allow-methods":"GET,POST,PUT,DELETE,OPTIONS","access-control-allow-headers":"Accept,Accept-Encoding,Accept-Language,Referrer,Content-Type,Content-Encoding,Authorization,Keep-Alive,User-Agent","vary":"origin","cache-control":"private"},"operationId":"none"}",
    ],
    [
      "ERROR {"guruMeditation":"2","request":"http://localhost:9999/v4/diag","verb":"GET","status":404,"code":"E_NOT_FOUND","stack":"YHTTPError[404]: E_NOT_FOUND (get, v4,diag, /home/whoiam/projects/whook/packages/whook-http-transaction/src/index.ts:364:46\\n    at processTicksAndRejections (node:internal/process/task_queues:x:x)","details":["get",["v4","diag"],"/v4/diag"]}",
    ],
  ],
  "status": 404,
}
`;

exports[`runServer should ping 1`] = `
{
  "data": {
    "pong": "pong",
  },
  "debugCalls": [
    [
      "‚è≥ - Cleared a delay",
    ],
    [
      "‚è≥ - Created a delay:",
      30000,
    ],
    [
      "üîì - Public endpoint detected, letting the call pass through!",
    ],
  ],
  "headers": {
    "access-control-allow-headers": "Accept,Accept-Encoding,Accept-Language,Referrer,Content-Type,Content-Encoding,Authorization,Keep-Alive,User-Agent",
    "access-control-allow-methods": "GET,POST,PUT,DELETE,OPTIONS",
    "access-control-allow-origin": "*",
    "connection": "close",
    "content-type": "application/json",
    "date": undefined,
    "transaction-id": "0",
    "transfer-encoding": "chunked",
    "vary": "origin",
    "x-node-env": "test",
  },
  "logErrorCalls": [],
  "logInfoCalls": [
    [
      "CALL {"id":"0","protocol":"http","ip":"_ip_","startInBytes":192,"startOutBytes":0,"startTime":1390694400000,"url":"/v4/ping","method":"GET","reqHeaders":{"accept":"application/json, text/plain, */*","user-agent":"__avoid_axios_version__","accept-encoding":"gzip, compress, deflate, br","host":"localhost:9999","connection":"close"},"errored":false,"endTime":1390694400000,"endInBytes":192,"endOutBytes":447,"statusCode":200,"resHeaders":{"content-type":"application/json","X-Node-ENV":"test","access-control-allow-origin":"*","access-control-allow-methods":"GET,POST,PUT,DELETE,OPTIONS","access-control-allow-headers":"Accept,Accept-Encoding,Accept-Language,Referrer,Content-Type,Content-Encoding,Authorization,Keep-Alive,User-Agent","vary":"origin"},"operationId":"getPing"}",
    ],
  ],
  "status": 200,
}
`;

exports[`runServer should work 1`] = `
{
  "debugCalls": [
    [
      "Error: ENOENT: no such file or directory, open '/home/whoami/projects/.env.app.local'",
    ],
    [
      "Error: ENOENT: no such file or directory, open '/home/whoami/projects/.env.node.test'",
    ],
    [
      "‚åõ - Delay service initialized.",
    ],
    [
      "‚ôªÔ∏è - Loading the environment service.",
    ],
    [
      "‚ù§Ô∏è - Initializing the APM service.",
    ],
    [
      "‚û∞ - Plugin "@whook/cors" resolved to "/home/whoiam/projects/whook/packages/whook-cors/dist".",
    ],
    [
      "‚û∞ - Plugin "@whook/whook" resolved to "/home/whoiam/projects/whook/dist".",
    ],
    [
      "üàÅ - Generating the API_DEFINITIONS",
    ],
    [
      "üàÅ - Handler module at "/home/whoiam/projects/whook/packages/whook-cors/dist/handlers/optionsWithCORS.js" exports no definition!",
    ],
    [
      "üè≠ - Initializing the APP_CONFIG service.",
    ],
    [
      "üë£ - Logging service initialized.",
    ],
    [
      "üí± - HTTP Transaction initialized.",
    ],
    [
      "üíæ - Trying to load .env file at "/home/whoami/projects/.env.app.local".",
    ],
    [
      "üíæ - Trying to load .env file at "/home/whoami/projects/.env.node.test".",
    ],
    [
      "üíø - Loading "API" initializer from "/home/whoiam/projects/whook/packages/whook-example/src/services/API.ts".",
    ],
    [
      "üíø - Loading "FILTER_API_TAGS" initializer from "/home/whoiam/projects/whook/packages/whook-example/src/services/FILTER_API_TAGS.ts".",
    ],
    [
      "üíø - Loading "MECHANISMS" initializer from "/home/whoiam/projects/whook/packages/whook-example/src/services/MECHANISMS.ts".",
    ],
    [
      "üíø - Loading "QUERY_PARSER" initializer from "/home/whoiam/projects/whook/packages/whook-example/src/services/QUERY_PARSER.ts".",
    ],
    [
      "üíø - Loading "authentication" initializer from "/home/whoiam/projects/whook/packages/whook-example/src/services/authentication.ts".",
    ],
    [
      "üíø - Loading "getDelayWrapped" initializer from "/home/whoiam/projects/whook/packages/whook-example/src/handlers/getDelay.ts".",
    ],
    [
      "üíø - Loading "getDiagnosticWrapped" initializer from "/home/whoiam/projects/whook/packages/whook-example/src/handlers/getDiagnostic.ts".",
    ],
    [
      "üíø - Loading "getOpenAPIWrapped" initializer from "/home/whoiam/projects/whook/packages/whook-example/src/handlers/getOpenAPI.ts".",
    ],
    [
      "üíø - Loading "getParametersWrapped" initializer from "/home/whoiam/projects/whook/packages/whook-example/src/handlers/getParameters.ts".",
    ],
    [
      "üíø - Loading "getPingWrapped" initializer from "/home/whoiam/projects/whook/dist/handlers/getPing.js".",
    ],
    [
      "üíø - Loading "getTimeWrapped" initializer from "/home/whoiam/projects/whook/packages/whook-example/src/handlers/getTime.ts".",
    ],
    [
      "üíø - Loading "jwtToken" initializer from "/home/whoiam/projects/whook/packages/whook-example/src/services/jwtToken.ts".",
    ],
    [
      "üíø - Loading "optionsWithCORSWrapped" initializer from "/home/whoiam/projects/whook/packages/whook-cors/dist/handlers/optionsWithCORS.js".",
    ],
    [
      "üíø - Loading "putEchoWrapped" initializer from "/home/whoiam/projects/whook/packages/whook-example/src/handlers/putEcho.ts".",
    ],
    [
      "üíø - Service "API" found in "/home/whoiam/projects/whook/packages/whook-example/src/services/API.ts".",
    ],
    [
      "üíø - Service "FILTER_API_TAGS" found in "/home/whoiam/projects/whook/packages/whook-example/src/services/FILTER_API_TAGS.ts".",
    ],
    [
      "üíø - Service "MECHANISMS" found in "/home/whoiam/projects/whook/packages/whook-example/src/services/MECHANISMS.ts".",
    ],
    [
      "üíø - Service "QUERY_PARSER" found in "/home/whoiam/projects/whook/packages/whook-example/src/services/QUERY_PARSER.ts".",
    ],
    [
      "üíø - Service "authentication" found in "/home/whoiam/projects/whook/packages/whook-example/src/services/authentication.ts".",
    ],
    [
      "üíø - Service "getDelayWrapped" found in "/home/whoiam/projects/whook/packages/whook-example/src/handlers/getDelay.ts".",
    ],
    [
      "üíø - Service "getDiagnosticWrapped" found in "/home/whoiam/projects/whook/packages/whook-example/src/handlers/getDiagnostic.ts".",
    ],
    [
      "üíø - Service "getOpenAPIWrapped" found in "/home/whoiam/projects/whook/packages/whook-example/src/handlers/getOpenAPI.ts".",
    ],
    [
      "üíø - Service "getParametersWrapped" found in "/home/whoiam/projects/whook/packages/whook-example/src/handlers/getParameters.ts".",
    ],
    [
      "üíø - Service "getPingWrapped" found in "/home/whoiam/projects/whook/dist/handlers/getPing.js".",
    ],
    [
      "üíø - Service "getTimeWrapped" found in "/home/whoiam/projects/whook/packages/whook-example/src/handlers/getTime.ts".",
    ],
    [
      "üíø - Service "jwtToken" found in "/home/whoiam/projects/whook/packages/whook-example/src/services/jwtToken.ts".",
    ],
    [
      "üíø - Service "optionsWithCORSWrapped" found in "/home/whoiam/projects/whook/packages/whook-cors/dist/handlers/optionsWithCORS.js".",
    ],
    [
      "üíø - Service "putEchoWrapped" found in "/home/whoiam/projects/whook/packages/whook-example/src/handlers/putEcho.ts".",
    ],
    [
      "üìá - Process service initialized.",
    ],
    [
      "üîê - Initializing the authorization wrapper for "getDelay".",
    ],
    [
      "üîê - Initializing the authorization wrapper for "getDiagnostic".",
    ],
    [
      "üîê - Initializing the authorization wrapper for "getOpenAPI".",
    ],
    [
      "üîê - Initializing the authorization wrapper for "getParameters".",
    ],
    [
      "üîê - Initializing the authorization wrapper for "getPing".",
    ],
    [
      "üîê - Initializing the authorization wrapper for "getTime".",
    ],
    [
      "üîê - Initializing the authorization wrapper for "optionsWithCORS".",
    ],
    [
      "üîê - Initializing the authorization wrapper for "putEcho".",
    ],
    [
      "üîß - Initializing auth mechanisms",
    ],
    [
      "üï∂Ô∏è - Initializing the obfuscator service.",
    ],
    [
      "üö¶ - HTTP Router initialized.",
    ],
    [
      "üö´ - No file found at "/home/whoami/projects/.env.app.local".",
    ],
    [
      "üö´ - No file found at "/home/whoami/projects/.env.node.test".",
    ],
    [
      "üö´ - Service "BUFFER_LIMIT" not found in "/home/whoiam/projects/whook/dist/services/BUFFER_LIMIT".",
    ],
    [
      "üö´ - Service "BUFFER_LIMIT" not found in "/home/whoiam/projects/whook/packages/whook-cors/dist/services/BUFFER_LIMIT".",
    ],
    [
      "üö´ - Service "BUFFER_LIMIT" not found in "/home/whoiam/projects/whook/packages/whook-example/src/services/BUFFER_LIMIT".",
    ],
    [
      "üö´ - Service "DECODERS" not found in "/home/whoiam/projects/whook/dist/services/DECODERS".",
    ],
    [
      "üö´ - Service "DECODERS" not found in "/home/whoiam/projects/whook/packages/whook-cors/dist/services/DECODERS".",
    ],
    [
      "üö´ - Service "DECODERS" not found in "/home/whoiam/projects/whook/packages/whook-example/src/services/DECODERS".",
    ],
    [
      "üö´ - Service "DEFAULT_ERROR_CODE" not found in "/home/whoiam/projects/whook/dist/services/DEFAULT_ERROR_CODE".",
    ],
    [
      "üö´ - Service "DEFAULT_ERROR_CODE" not found in "/home/whoiam/projects/whook/packages/whook-cors/dist/services/DEFAULT_ERROR_CODE".",
    ],
    [
      "üö´ - Service "DEFAULT_ERROR_CODE" not found in "/home/whoiam/projects/whook/packages/whook-example/src/services/DEFAULT_ERROR_CODE".",
    ],
    [
      "üö´ - Service "ENCODERS" not found in "/home/whoiam/projects/whook/dist/services/ENCODERS".",
    ],
    [
      "üö´ - Service "ENCODERS" not found in "/home/whoiam/projects/whook/packages/whook-cors/dist/services/ENCODERS".",
    ],
    [
      "üö´ - Service "ENCODERS" not found in "/home/whoiam/projects/whook/packages/whook-example/src/services/ENCODERS".",
    ],
    [
      "üö´ - Service "IGNORED_FILES_PREFIXES" not found in "/home/whoiam/projects/whook/dist/services/IGNORED_FILES_PREFIXES".",
    ],
    [
      "üö´ - Service "IGNORED_FILES_PREFIXES" not found in "/home/whoiam/projects/whook/packages/whook-cors/dist/services/IGNORED_FILES_PREFIXES".",
    ],
    [
      "üö´ - Service "IGNORED_FILES_PREFIXES" not found in "/home/whoiam/projects/whook/packages/whook-example/src/services/IGNORED_FILES_PREFIXES".",
    ],
    [
      "üö´ - Service "IGNORED_FILES_SUFFIXES" not found in "/home/whoiam/projects/whook/dist/services/IGNORED_FILES_SUFFIXES".",
    ],
    [
      "üö´ - Service "IGNORED_FILES_SUFFIXES" not found in "/home/whoiam/projects/whook/packages/whook-cors/dist/services/IGNORED_FILES_SUFFIXES".",
    ],
    [
      "üö´ - Service "IGNORED_FILES_SUFFIXES" not found in "/home/whoiam/projects/whook/packages/whook-example/src/services/IGNORED_FILES_SUFFIXES".",
    ],
    [
      "üö´ - Service "JWT_SECRET_ENV_NAME" not found in "/home/whoiam/projects/whook/dist/services/JWT_SECRET_ENV_NAME".",
    ],
    [
      "üö´ - Service "JWT_SECRET_ENV_NAME" not found in "/home/whoiam/projects/whook/packages/whook-cors/dist/services/JWT_SECRET_ENV_NAME".",
    ],
    [
      "üö´ - Service "JWT_SECRET_ENV_NAME" not found in "/home/whoiam/projects/whook/packages/whook-example/src/services/JWT_SECRET_ENV_NAME".",
    ],
    [
      "üö´ - Service "KEEP_ALIVE_TIMEOUT" not found in "/home/whoiam/projects/whook/dist/services/KEEP_ALIVE_TIMEOUT".",
    ],
    [
      "üö´ - Service "KEEP_ALIVE_TIMEOUT" not found in "/home/whoiam/projects/whook/packages/whook-cors/dist/services/KEEP_ALIVE_TIMEOUT".",
    ],
    [
      "üö´ - Service "KEEP_ALIVE_TIMEOUT" not found in "/home/whoiam/projects/whook/packages/whook-example/src/services/KEEP_ALIVE_TIMEOUT".",
    ],
    [
      "üö´ - Service "MAX_CLEAR_RATIO" not found in "/home/whoiam/projects/whook/dist/services/MAX_CLEAR_RATIO".",
    ],
    [
      "üö´ - Service "MAX_CLEAR_RATIO" not found in "/home/whoiam/projects/whook/packages/whook-cors/dist/services/MAX_CLEAR_RATIO".",
    ],
    [
      "üö´ - Service "MAX_CLEAR_RATIO" not found in "/home/whoiam/projects/whook/packages/whook-example/src/services/MAX_CLEAR_RATIO".",
    ],
    [
      "üö´ - Service "MAX_CONNECTIONS" not found in "/home/whoiam/projects/whook/dist/services/MAX_CONNECTIONS".",
    ],
    [
      "üö´ - Service "MAX_CONNECTIONS" not found in "/home/whoiam/projects/whook/packages/whook-cors/dist/services/MAX_CONNECTIONS".",
    ],
    [
      "üö´ - Service "MAX_CONNECTIONS" not found in "/home/whoiam/projects/whook/packages/whook-example/src/services/MAX_CONNECTIONS".",
    ],
    [
      "üö´ - Service "MAX_HEADERS_COUNT" not found in "/home/whoiam/projects/whook/dist/services/MAX_HEADERS_COUNT".",
    ],
    [
      "üö´ - Service "MAX_HEADERS_COUNT" not found in "/home/whoiam/projects/whook/packages/whook-cors/dist/services/MAX_HEADERS_COUNT".",
    ],
    [
      "üö´ - Service "MAX_HEADERS_COUNT" not found in "/home/whoiam/projects/whook/packages/whook-example/src/services/MAX_HEADERS_COUNT".",
    ],
    [
      "üö´ - Service "PARSERS" not found in "/home/whoiam/projects/whook/dist/services/PARSERS".",
    ],
    [
      "üö´ - Service "PARSERS" not found in "/home/whoiam/projects/whook/packages/whook-cors/dist/services/PARSERS".",
    ],
    [
      "üö´ - Service "PARSERS" not found in "/home/whoiam/projects/whook/packages/whook-example/src/services/PARSERS".",
    ],
    [
      "üö´ - Service "PROCESS_NAME" not found in "/home/whoiam/projects/whook/dist/services/PROCESS_NAME".",
    ],
    [
      "üö´ - Service "PROCESS_NAME" not found in "/home/whoiam/projects/whook/packages/whook-cors/dist/services/PROCESS_NAME".",
    ],
    [
      "üö´ - Service "PROCESS_NAME" not found in "/home/whoiam/projects/whook/packages/whook-example/src/services/PROCESS_NAME".",
    ],
    [
      "üö´ - Service "REDUCED_FILES_SUFFIXES" not found in "/home/whoiam/projects/whook/dist/services/REDUCED_FILES_SUFFIXES".",
    ],
    [
      "üö´ - Service "REDUCED_FILES_SUFFIXES" not found in "/home/whoiam/projects/whook/packages/whook-cors/dist/services/REDUCED_FILES_SUFFIXES".",
    ],
    [
      "üö´ - Service "REDUCED_FILES_SUFFIXES" not found in "/home/whoiam/projects/whook/packages/whook-example/src/services/REDUCED_FILES_SUFFIXES".",
    ],
    [
      "üö´ - Service "SHIELD_CHAR" not found in "/home/whoiam/projects/whook/dist/services/SHIELD_CHAR".",
    ],
    [
      "üö´ - Service "SHIELD_CHAR" not found in "/home/whoiam/projects/whook/packages/whook-cors/dist/services/SHIELD_CHAR".",
    ],
    [
      "üö´ - Service "SHIELD_CHAR" not found in "/home/whoiam/projects/whook/packages/whook-example/src/services/SHIELD_CHAR".",
    ],
    [
      "üö´ - Service "SIGNALS" not found in "/home/whoiam/projects/whook/dist/services/SIGNALS".",
    ],
    [
      "üö´ - Service "SIGNALS" not found in "/home/whoiam/projects/whook/packages/whook-cors/dist/services/SIGNALS".",
    ],
    [
      "üö´ - Service "SIGNALS" not found in "/home/whoiam/projects/whook/packages/whook-example/src/services/SIGNALS".",
    ],
    [
      "üö´ - Service "SOCKET_TIMEOUT" not found in "/home/whoiam/projects/whook/dist/services/SOCKET_TIMEOUT".",
    ],
    [
      "üö´ - Service "SOCKET_TIMEOUT" not found in "/home/whoiam/projects/whook/packages/whook-cors/dist/services/SOCKET_TIMEOUT".",
    ],
    [
      "üö´ - Service "SOCKET_TIMEOUT" not found in "/home/whoiam/projects/whook/packages/whook-example/src/services/SOCKET_TIMEOUT".",
    ],
    [
      "üö´ - Service "STRINGIFYERS" not found in "/home/whoiam/projects/whook/dist/services/STRINGIFYERS".",
    ],
    [
      "üö´ - Service "STRINGIFYERS" not found in "/home/whoiam/projects/whook/packages/whook-cors/dist/services/STRINGIFYERS".",
    ],
    [
      "üö´ - Service "STRINGIFYERS" not found in "/home/whoiam/projects/whook/packages/whook-example/src/services/STRINGIFYERS".",
    ],
    [
      "üö´ - Service "TIMEOUT" not found in "/home/whoiam/projects/whook/dist/services/TIMEOUT".",
    ],
    [
      "üö´ - Service "TIMEOUT" not found in "/home/whoiam/projects/whook/packages/whook-cors/dist/services/TIMEOUT".",
    ],
    [
      "üö´ - Service "TIMEOUT" not found in "/home/whoiam/projects/whook/packages/whook-example/src/services/TIMEOUT".",
    ],
    [
      "üö´ - Service "getPingWrapped" not found in "/home/whoiam/projects/whook/packages/whook-example/src/handlers/getPing".",
    ],
    [
      "üö´ - Service "optionsWithCORSWrapped" not found in "/home/whoiam/projects/whook/dist/handlers/optionsWithCORS".",
    ],
    [
      "üö´ - Service "optionsWithCORSWrapped" not found in "/home/whoiam/projects/whook/packages/whook-example/src/handlers/optionsWithCORS".",
    ],
    [
      "üö´ - Service "readDir" not found in "/home/whoiam/projects/whook/dist/services/readDir".",
    ],
    [
      "üö´ - Service "readDir" not found in "/home/whoiam/projects/whook/packages/whook-cors/dist/services/readDir".",
    ],
    [
      "üö´ - Service "readDir" not found in "/home/whoiam/projects/whook/packages/whook-example/src/services/readDir".",
    ],
    [
      "üö´ - Service "readFile" not found in "/home/whoiam/projects/whook/dist/services/readFile".",
    ],
    [
      "üö´ - Service "readFile" not found in "/home/whoiam/projects/whook/packages/whook-cors/dist/services/readFile".",
    ],
    [
      "üö´ - Service "readFile" not found in "/home/whoiam/projects/whook/packages/whook-example/src/services/readFile".",
    ],
    [
      "üö´ - Service "uniqueId" not found in "/home/whoiam/projects/whook/dist/services/uniqueId".",
    ],
    [
      "üö´ - Service "uniqueId" not found in "/home/whoiam/projects/whook/packages/whook-cors/dist/services/uniqueId".",
    ],
    [
      "üö´ - Service "uniqueId" not found in "/home/whoiam/projects/whook/packages/whook-example/src/services/uniqueId".",
    ],
    [
      "üõÇ - Dynamic import of "/home/whoiam/projects/whook/dist/handlers/getPing.js".",
    ],
    [
      "üõÇ - Dynamic import of "/home/whoiam/projects/whook/dist/handlers/getPing.js".",
    ],
    [
      "üõÇ - Dynamic import of "/home/whoiam/projects/whook/packages/whook-cors/dist/handlers/optionsWithCORS.js".",
    ],
    [
      "üõÇ - Dynamic import of "/home/whoiam/projects/whook/packages/whook-cors/dist/handlers/optionsWithCORS.js".",
    ],
    [
      "üõÇ - Dynamic import of "/home/whoiam/projects/whook/packages/whook-example/src/config/local/config.js".",
    ],
    [
      "üõÇ - Dynamic import of "/home/whoiam/projects/whook/packages/whook-example/src/handlers/getDelay.js".",
    ],
    [
      "üõÇ - Dynamic import of "/home/whoiam/projects/whook/packages/whook-example/src/handlers/getDelay.ts".",
    ],
    [
      "üõÇ - Dynamic import of "/home/whoiam/projects/whook/packages/whook-example/src/handlers/getDiagnostic.js".",
    ],
    [
      "üõÇ - Dynamic import of "/home/whoiam/projects/whook/packages/whook-example/src/handlers/getDiagnostic.ts".",
    ],
    [
      "üõÇ - Dynamic import of "/home/whoiam/projects/whook/packages/whook-example/src/handlers/getOpenAPI.js".",
    ],
    [
      "üõÇ - Dynamic import of "/home/whoiam/projects/whook/packages/whook-example/src/handlers/getOpenAPI.ts".",
    ],
    [
      "üõÇ - Dynamic import of "/home/whoiam/projects/whook/packages/whook-example/src/handlers/getParameters.js".",
    ],
    [
      "üõÇ - Dynamic import of "/home/whoiam/projects/whook/packages/whook-example/src/handlers/getParameters.ts".",
    ],
    [
      "üõÇ - Dynamic import of "/home/whoiam/projects/whook/packages/whook-example/src/handlers/getTime.js".",
    ],
    [
      "üõÇ - Dynamic import of "/home/whoiam/projects/whook/packages/whook-example/src/handlers/getTime.ts".",
    ],
    [
      "üõÇ - Dynamic import of "/home/whoiam/projects/whook/packages/whook-example/src/handlers/putEcho.js".",
    ],
    [
      "üõÇ - Dynamic import of "/home/whoiam/projects/whook/packages/whook-example/src/handlers/putEcho.ts".",
    ],
    [
      "üõÇ - Dynamic import of "/home/whoiam/projects/whook/packages/whook-example/src/services/API.ts".",
    ],
    [
      "üõÇ - Dynamic import of "/home/whoiam/projects/whook/packages/whook-example/src/services/FILTER_API_TAGS.ts".",
    ],
    [
      "üõÇ - Dynamic import of "/home/whoiam/projects/whook/packages/whook-example/src/services/MECHANISMS.ts".",
    ],
    [
      "üõÇ - Dynamic import of "/home/whoiam/projects/whook/packages/whook-example/src/services/QUERY_PARSER.ts".",
    ],
    [
      "üõÇ - Dynamic import of "/home/whoiam/projects/whook/packages/whook-example/src/services/authentication.ts".",
    ],
    [
      "üõÇ - Dynamic import of "/home/whoiam/projects/whook/packages/whook-example/src/services/jwtToken.ts".",
    ],
    [
      "üõÇ - Dynamic import of "ecstatic".",
    ],
    [
      "üõÇ - Dynamic import of "swagger-ui-dist".",
    ],
    [
      "üõÇ - Initializing the importer!",
    ],
    [
      "üõÇ - Initializing the resolve service!",
    ],
    [
      "üõÇ - Resolving "/home/whoiam/projects/whook/dist/handlers/getPing.js".",
    ],
    [
      "üõÇ - Resolving "/home/whoiam/projects/whook/packages/whook-cors/dist/handlers/optionsWithCORS.js".",
    ],
    [
      "üõÇ - Resolving "/home/whoiam/projects/whook/packages/whook-example/src/handlers/getDelay.ts".",
    ],
    [
      "üõÇ - Resolving "/home/whoiam/projects/whook/packages/whook-example/src/handlers/getDiagnostic.ts".",
    ],
    [
      "üõÇ - Resolving "/home/whoiam/projects/whook/packages/whook-example/src/handlers/getOpenAPI.ts".",
    ],
    [
      "üõÇ - Resolving "/home/whoiam/projects/whook/packages/whook-example/src/handlers/getParameters.ts".",
    ],
    [
      "üõÇ - Resolving "/home/whoiam/projects/whook/packages/whook-example/src/handlers/getTime.ts".",
    ],
    [
      "üõÇ - Resolving "/home/whoiam/projects/whook/packages/whook-example/src/handlers/putEcho.ts".",
    ],
    [
      "üõÇ - Resolving "/home/whoiam/projects/whook/packages/whook-example/src/services/API.ts".",
    ],
    [
      "üõÇ - Resolving "/home/whoiam/projects/whook/packages/whook-example/src/services/FILTER_API_TAGS.ts".",
    ],
    [
      "üõÇ - Resolving "/home/whoiam/projects/whook/packages/whook-example/src/services/MECHANISMS.ts".",
    ],
    [
      "üõÇ - Resolving "/home/whoiam/projects/whook/packages/whook-example/src/services/QUERY_PARSER.ts".",
    ],
    [
      "üõÇ - Resolving "/home/whoiam/projects/whook/packages/whook-example/src/services/authentication.ts".",
    ],
    [
      "üõÇ - Resolving "/home/whoiam/projects/whook/packages/whook-example/src/services/jwtToken.ts".",
    ],
    [
      "üõÇ - Resolving "@whook/cors" to "/home/whoiam/projects/whook/packages/whook-cors/dist/index.js".",
    ],
    [
      "üõÇ - Resolving "@whook/whook" to "/home/whoiam/projects/whook/dist/index.js".",
    ],
    [
      "ü§ñ - Initializing the \`$autoload\` service.",
    ],
    [
      "ü¶Ñ - Initializing the API service!",
    ],
  ],
  "logErrorCalls": [
    [
      "On air üöÄüåï",
    ],
    [
      "‚ö†Ô∏è - Using fake auth mechanism!",
    ],
    [
      "‚ö° - Loading configurations from "/home/whoiam/projects/whook/packages/whook-example/src/config/local/config.js".",
    ],
    [
      "üéôÔ∏è - HTTP Server listening at "http://localhost:9999".",
    ],
    [
      "üíÅ - Serving the API docs: http://localhost:9999/docs",
    ],
    [
      "üîÇ - Running with "local" application environment.",
    ],
    [
      "üîÇ - Running with "test" node environment.",
    ],
    [
      "üñ• - Using an isolated env.",
    ],
  ],
  "logInfoCalls": [
    [
      "üîí - JWT service initialized!",
    ],
    [
      "üï± -Wrapping the error handler for CORS.",
    ],
  ],
}
`;
