// Jest Snapshot v1, https://goo.gl/fbAQLP

exports[`initArgs should parse args 1`] = `
Object {
  "args": Object {
    "command": "handler",
    "namedArguments": Object {
      "name": "getPing",
      "parameters": "{}",
    },
    "rest": Array [],
  },
  "logCalls": Array [
    Array [
      "debug",
      "ðŸ›  - Parsed args:",
      Object {
        "command": "handler",
        "namedArguments": Object {
          "name": "getPing",
          "parameters": "{}",
        },
        "rest": Array [],
      },
    ],
  ],
}
`;
