// Jest Snapshot v1, https://goo.gl/fbAQLP

exports[`getPing should work 1`] = `
{
  "response": {
    "body": {
      "pong": "pong",
    },
    "headers": {
      "X-Node-ENV": "test",
    },
    "status": 200,
  },
}
`;
