// Jest Snapshot v1, https://goo.gl/fbAQLP

exports[`MECHANISMS should also include fake on debugging 1`] = `
{
  "logCalls": [
    [
      "debug",
      "üîß - Initializing auth mechanisms",
    ],
    [
      "warning",
      "‚ö†Ô∏è - Using fake auth mechanism!",
    ],
  ],
}
`;

exports[`MECHANISMS should only include bearer 1`] = `
{
  "logCalls": [
    [
      "debug",
      "üîß - Initializing auth mechanisms",
    ],
  ],
}
`;
